// Jest Snapshot v1, https://goo.gl/fbAQLP

exports[`VsEmpty.vue render VsEmpty 1`] = `
<div class="vs-empty-container"><img src="" style="width: 138px;">
  <div class="vs-description"></div>
</div>
`;
